// Jest Snapshot v1, https://goo.gl/fbAQLP

exports[`Avatar Component renders a winky face emoji by default 1`] = `
<styled.span>
  <span
    aria-label="neutral face"
    role="img"
    style={
      Object {
        "transform": "translate(0.4vw, -0.4vw)",
      }
    }
  >
    😐
  </span>
</styled.span>
`;
